
> backend@1.0.0 build
> tsc --noEmitOnError false

src/controllers/report.controller.ts(5,15): error TS2459: Module '"../services/report.service"' declares 'ReportQuery' locally, but it is not exported.
